// Jest Snapshot v1, https://goo.gl/fbAQLP

exports[`快照测试 详情页全页快照 1`] = `
<Panel
  className=""
  confirmLoading={false}
  footer={[Function]}
  loading={false}
  onCancel={[Function]}
  onOk={[Function]}
  prefixCls="ant-panel"
  title="GLOBAL.DETAIL"
>
  <DetailTable
    columnNumber={2}
    dataSource={
      Array [
        Object {
          "label": "name.label",
          "value": undefined,
        },
        Object {
          "label": "title.label",
          "value": undefined,
        },
      ]
    }
    labelKey="label"
    mode="array"
    tableClass="ant-table ant-table-bordered ant-table-detail"
    title="baseInfo.title"
    valueKey="value"
  />
</Panel>
`;

exports[`方法测试全覆盖 renderPanelFooter 1`] = `
<Button
  block={false}
  ghost={false}
  htmlType="button"
  loading={false}
  onClick={[Function]}
  type="primary"
>
  GLOBAL.BACK
</Button>
`;
